C51 COMPILER V9.53.0.0   ASSIGN2                                                           04/23/2015 16:05:50 PAGE 1   


C51 COMPILER V9.53.0.0, COMPILATION OF MODULE ASSIGN2
OBJECT MODULE PLACED IN Assign2.OBJ
COMPILER INVOKED BY: C:\programming\Keil_v5\C51\BIN\C51.EXE Assign2.c OMF2 OPTIMIZE(8,SPEED) BROWSE DEBUG TABS(2)

line level    source

   1          /*________________________________________________________________________________________________________
             -_____________
   2          
   3                  Assignment:       Elec2700
   4                  Module:         Assignment 2
   5                  Author:         Chris Caelli & Tim Farnworth
   6                  Date:           20/4/15
   7          
   8                  Description:
   9                  This program will emulate a MIDI keyboard and produce excellent music (probably)
  10          
  11          
  12                  Notes:          
  13              Basic Structure is being implemented. The code is limited to strict C.
  14              Current c51.exe compiler compiles the program, however gives 5 warnings of "Uncalled Functions".
  15              This is okay as we're implimenting stub programs.
  16              
  17                  Revisions:    v0.1 Alpha
  18          
  19          __________________________________________________________________________________________________________
             -___________*/
  20          #include <SiLABS/C8051F120.h>     //"C:\Programming\Keil_v5\C51\INC\SiLABS\c8051F120.h"
  21          //#include <C8051F120_defs.h>     // SFR declarations
  22          #include "Assign2.h"
  23          #include "Notes.h"
*** WARNING C235 IN LINE 206 OF Notes.h: parameter 2: different types
  24          #include "Keyboard.h"
*** WARNING C235 IN LINE 28 OF Keyboard.h: parameter 2: different types
  25          
  26          void main(void);
  27          void General_Init(void);
  28          
  29          /*--------------------------------------------------------------------------------------------------------
             -------------
  30                  Function:         Main
  31          
  32                  Description:      Main routine
  33          
  34                  Revisions:
  35          
  36          ----------------------------------------------------------------------------------------------------------
             -----------*/
  37          void main(void)
  38          {
  39   1        //printf("Hello World");
  40   1        General_Init();
  41   1        Oscillator_Init();
  42   1        Timer_Init();
  43   1        Voltage_Reference_Init();
  44   1        DAC_Init();
  45   1        Interrupts_Init();
  46   1      
  47   1        while(1)
  48   1        { PB_to_select_Tone();
  49   2        }
C51 COMPILER V9.53.0.0   ASSIGN2                                                           04/23/2015 16:05:50 PAGE 2   

  50   1      }
  51          
  52          /*--------------------------------------------------------------------------------------------------------
             -------------
  53                  Function:         General_Init
  54          
  55                  Description:      Initialise ports, watchdog....
  56          
  57                  Revisions:
  58          
  59          ----------------------------------------------------------------------------------------------------------
             -----------*/
  60          void General_Init()
  61          {
  62   1        WDTCN = 0xde;
  63   1        WDTCN = 0xad;
  64   1        SFRPAGE = CONFIG_PAGE;
  65   1        P2MDOUT = 0xff;   // Need to make pushpull outputs to drive LEDs properly
  66   1        XBR2 = 0x40;
  67   1      }
  68          


MODULE INFORMATION:   STATIC OVERLAYABLE
   CODE SIZE        =    475    ----
   CONSTANT SIZE    =    280    ----
   XDATA SIZE       =   ----    ----
   PDATA SIZE       =   ----    ----
   DATA SIZE        =      6    ----
   IDATA SIZE       =   ----    ----
   BIT SIZE         =   ----    ----
   EDATA SIZE       =   ----    ----
   HDATA SIZE       =   ----    ----
   XDATA CONST SIZE =   ----    ----
   FAR CONST SIZE   =   ----    ----
END OF MODULE INFORMATION.


C51 COMPILATION COMPLETE.  2 WARNING(S),  0 ERROR(S)
